2021-03-15 23:42:06: empty string!!!2021-03-15 23:42:22: empty string!!!2021-03-15 23:42:26: empty string!!!2021-03-15 23:42:31: empty string!!!2021-03-15 23:42:36: empty string!!!2021-03-15 23:42:41: empty string!!!2021-03-15 23:42:52: empty string!!!2021-03-15 23:42:57: empty string!!!